// Jest Snapshot v1, https://goo.gl/fbAQLP

exports[`SelectTeam should match snapshot for fail of teams 1`] = `
<FailedNetworkAction
  errorDescription={
    Object {
      "defaultMessage": "Make sure you have an active connection and try again.",
      "id": "mobile.failed_network_action.shortDescription",
    }
  }
  errorTitle={
    Object {
      "defaultMessage": "Team Not Found",
      "id": "error.team_not_found.title",
    }
  }
  onRetry={[Function]}
  theme={
    Object {
      "awayIndicator": "#ffbc42",
      "buttonBg": "#166de0",
      "buttonColor": "#ffffff",
      "centerChannelBg": "#ffffff",
      "centerChannelColor": "#3d3c40",
      "codeTheme": "github",
      "dndIndicator": "#f74343",
      "errorTextColor": "#fd5960",
      "linkColor": "#2389d7",
      "mentionBj": "#ffffff",
      "mentionColor": "#145dbf",
      "mentionHighlightBg": "#ffe577",
      "mentionHighlightLink": "#166de0",
      "newMessageSeparator": "#ff8800",
      "onlineIndicator": "#06d6a0",
      "sidebarBg": "#145dbf",
      "sidebarHeaderBg": "#1153ab",
      "sidebarHeaderTextColor": "#ffffff",
      "sidebarText": "#ffffff",
      "sidebarTextActiveBorder": "#579eff",
      "sidebarTextActiveColor": "#ffffff",
      "sidebarTextHoverBg": "#4578bf",
      "sidebarUnreadText": "#ffffff",
      "type": "Mattermost",
    }
  }
/>
`;

exports[`SelectTeam should match snapshot for teams 1`] = `
<Component
  style={
    Object {
      "backgroundColor": "#ffffff",
      "flex": 1,
    }
  }
>
  <Connect(StatusBar) />
  <Component
    style={
      Object {
        "alignItems": "center",
        "flexDirection": "row",
        "marginHorizontal": 16,
        "marginTop": 20,
      }
    }
  >
    <Component
      style={
        Object {
          "marginRight": 15,
        }
      }
    >
      <FormattedText
        defaultMessage="Open teams you can join"
        id="mobile.select_team.join_open"
        style={
          Object {
            "color": undefined,
            "fontSize": 13,
          }
        }
      />
    </Component>
    <Component
      style={
        Object {
          "backgroundColor": undefined,
          "height": 1,
          "width": "100%",
        }
      }
    />
  </Component>
  <FlatList
    data={
      Array [
        Object {
          "id": "kemjcpu9bi877yegqjs18ndp4r",
          "invite_id": "ojsnudhqzbfzpk6e4n6ip1hwae",
          "name": "test",
        },
      ]
    }
    disableVirtualization={false}
    horizontal={false}
    initialNumToRender={10}
    keyExtractor={[Function]}
    maxToRenderPerBatch={10}
    numColumns={1}
    onEndReachedThreshold={2}
    renderItem={[Function]}
    scrollEventThrottle={50}
    updateCellsBatchingPeriod={50}
    viewabilityConfig={
      Object {
        "viewAreaCoveragePercentThreshold": 3,
        "waitForInteraction": false,
      }
    }
    windowSize={21}
  />
</Component>
`;
